// Jest Snapshot v1, https://goo.gl/fbAQLP

exports[`Cart Container  should render  1`] = `
<div
  className="sc-bdVaJa hknDB"
>
  <div
    className="sc-bwzfXH lgtiFH"
  >
    <div
      className="sc-htpNat ccTSqx"
    >
      Carrinho
    </div>
  </div>
  <div
    className="sc-kgoBCf cnRrMq"
  >
    <div
      className="sc-kAzzGY fMzrZJ"
    >
       Endereco de entrega
    </div>
    <div
      className="sc-chPdSV hrnCLJ"
    >
      Endereco do cliente
    </div>
  </div>
  <div
    className="sc-bxivhb jZFhqI"
  >
    <div
      className="sc-VigVT fxjpfs"
    >
      <div
        className="sc-fjdhpX ewHUQA"
      >
        Restaurante bom
      </div>
      <div
        className="sc-jzJRlG gdnCLB"
      >
        Rua 2, 344
      </div>
      <div
        className="sc-cSHVUG kxuaIn"
      >
        30 - 40
      </div>
    </div>
    <div
      className="sc-jTzLTM hYfSKd"
    />
  </div>
  <div
    className="sc-EHOje iKhxjT"
  >
    Frete R$10,00
  </div>
  <div
    className="sc-gzVnrw gVVMKi"
  >
    <div
      className="sc-dnqmqq cCkgVs"
    >
      SUBTOTAL   
    </div>
    <div
      className="sc-iwsKbI cdoMaD"
    >
      R$0,00
    </div>
  </div>
  <div
    className="sc-htoDjs jwFhsk"
  >
    Forma de Pagamento
  </div>
  <hr
    className="MuiDivider-root-1 sc-gZMcBi zDdSs"
  />
  <fieldset
    className="MuiFormControl-root-6"
  >
    <div
      aria-label="Forma Pagamento"
      className="MuiFormGroup-root-10"
      role="radiogroup"
    >
      <label
        className="MuiFormControlLabel-root-12"
        style={
          Object {
            "marginBottom": "8px",
            "marginLeft": "16px",
          }
        }
      >
        <span
          className="MuiButtonBase-root-33 MuiIconButton-root-27 MuiPrivateSwitchBase-root-23 MuiRadio-root-18 MuiRadio-colorSecondary-22"
          onBlur={[Function]}
          onContextMenu={[Function]}
          onFocus={[Function]}
          onKeyDown={[Function]}
          onKeyUp={[Function]}
          onMouseDown={[Function]}
          onMouseLeave={[Function]}
          onMouseUp={[Function]}
          onTouchEnd={[Function]}
          onTouchMove={[Function]}
          onTouchStart={[Function]}
          style={
            Object {
              "color": "black",
              "padding": 0,
            }
          }
          tabIndex={null}
        >
          <span
            className="MuiIconButton-label-32"
          >
            <svg
              aria-hidden="true"
              className="MuiSvgIcon-root-36"
              focusable="false"
              role="presentation"
              viewBox="0 0 24 24"
            >
              <path
                d="M12 2C6.48 2 2 6.48 2 12s4.48 10 10 10 10-4.48 10-10S17.52 2 12 2zm0 18c-4.42 0-8-3.58-8-8s3.58-8 8-8 8 3.58 8 8-3.58 8-8 8z"
              />
            </svg>
            <input
              checked={false}
              className="MuiPrivateSwitchBase-input-26"
              disabled={false}
              name="Forma Pagamento"
              onChange={[Function]}
              type="radio"
              value="Dinheiro"
            />
          </span>
          <span
            className="MuiTouchRipple-root-81"
          />
        </span>
        <span
          className="MuiTypography-root-45 MuiTypography-body1-54 MuiFormControlLabel-label-17"
        >
          Dinheiro
        </span>
      </label>
      <label
        className="MuiFormControlLabel-root-12"
        style={
          Object {
            "marginBottom": "8px",
            "marginLeft": "16px",
          }
        }
      >
        <span
          className="MuiButtonBase-root-33 MuiIconButton-root-27 MuiPrivateSwitchBase-root-23 MuiRadio-root-18 MuiRadio-colorSecondary-22"
          onBlur={[Function]}
          onContextMenu={[Function]}
          onFocus={[Function]}
          onKeyDown={[Function]}
          onKeyUp={[Function]}
          onMouseDown={[Function]}
          onMouseLeave={[Function]}
          onMouseUp={[Function]}
          onTouchEnd={[Function]}
          onTouchMove={[Function]}
          onTouchStart={[Function]}
          style={
            Object {
              "color": "black",
              "padding": 0,
            }
          }
          tabIndex={null}
        >
          <span
            className="MuiIconButton-label-32"
          >
            <svg
              aria-hidden="true"
              className="MuiSvgIcon-root-36"
              focusable="false"
              role="presentation"
              viewBox="0 0 24 24"
            >
              <path
                d="M12 2C6.48 2 2 6.48 2 12s4.48 10 10 10 10-4.48 10-10S17.52 2 12 2zm0 18c-4.42 0-8-3.58-8-8s3.58-8 8-8 8 3.58 8 8-3.58 8-8 8z"
              />
            </svg>
            <input
              checked={false}
              className="MuiPrivateSwitchBase-input-26"
              disabled={false}
              name="Forma Pagamento"
              onChange={[Function]}
              type="radio"
              value="Cartão de Crédito"
            />
          </span>
          <span
            className="MuiTouchRipple-root-81"
          />
        </span>
        <span
          className="MuiTypography-root-45 MuiTypography-body1-54 MuiFormControlLabel-label-17"
        >
          Cartão de Crédito
        </span>
      </label>
    </div>
  </fieldset>
  <button
    className="sc-gqjmRU gELACb"
  >
    Confirmar
  </button>
  <div
    className="sc-ifAKCX cktfmg"
  >
    Aqui vai a nav Bar, fixa no final
  </div>
</div>
`;
